2025-12-22 18:34:33,987 INFO o.a.j.u.JMeterUtils: Setting Locale to en_EN
2025-12-22 18:34:34,009 INFO o.a.j.JMeter: Loading user properties from: C:\jmeter\apache-jmeter-5.6.3\bin\user.properties
2025-12-22 18:34:34,010 INFO o.a.j.JMeter: Loading system properties from: C:\jmeter\apache-jmeter-5.6.3\bin\system.properties
2025-12-22 18:34:34,018 INFO o.a.j.JMeter: Copyright (c) 1998-2024 The Apache Software Foundation
2025-12-22 18:34:34,018 INFO o.a.j.JMeter: Version 5.6.3
2025-12-22 18:34:34,018 INFO o.a.j.JMeter: java.version=21.0.2
2025-12-22 18:34:34,018 INFO o.a.j.JMeter: java.vm.name=OpenJDK 64-Bit Server VM
2025-12-22 18:34:34,018 INFO o.a.j.JMeter: os.name=Windows 10
2025-12-22 18:34:34,018 INFO o.a.j.JMeter: os.arch=amd64
2025-12-22 18:34:34,018 INFO o.a.j.JMeter: os.version=10.0
2025-12-22 18:34:34,018 INFO o.a.j.JMeter: file.encoding=UTF-8
2025-12-22 18:34:34,018 INFO o.a.j.JMeter: java.awt.headless=null
2025-12-22 18:34:34,019 INFO o.a.j.JMeter: Max memory     =1073741824
2025-12-22 18:34:34,019 INFO o.a.j.JMeter: Available Processors =8
2025-12-22 18:34:34,028 INFO o.a.j.JMeter: Default Locale=English (EN)
2025-12-22 18:34:34,029 INFO o.a.j.JMeter: JMeter  Locale=English (EN)
2025-12-22 18:34:34,029 INFO o.a.j.JMeter: JMeterHome=C:\jmeter\apache-jmeter-5.6.3
2025-12-22 18:34:34,029 INFO o.a.j.JMeter: user.dir  =C:\Users\Lenovo\Desktop\csc5355-pipeline
2025-12-22 18:34:34,029 INFO o.a.j.JMeter: PWD       =C:\Users\Lenovo\Desktop\csc5355-pipeline
2025-12-22 18:34:34,031 INFO o.a.j.JMeter: IP: 192.168.128.1 Name: DESKTOP-JBT2K7B FullName: DESKTOP-JBT2K7B.mshome.net
2025-12-22 18:34:34,050 INFO o.a.j.JMeter: Loaded icon properties from org/apache/jmeter/images/icon.properties
2025-12-22 18:34:34,356 INFO o.a.j.JMeterGuiLauncher: Setting LAF to: com.github.weisj.darklaf.DarkLaf:com.github.weisj.darklaf.theme.DarculaTheme
2025-12-22 18:34:36,431 INFO o.a.j.JMeterGuiLauncher: Loading file: CSC5355_LoadTest.jmx
2025-12-22 18:34:36,435 INFO o.a.j.s.FileServer: Default base='C:\Users\Lenovo\Desktop\csc5355-pipeline'
2025-12-22 18:34:36,437 INFO o.a.j.s.FileServer: Set new base='C:\Users\Lenovo\Desktop\csc5355-pipeline'
2025-12-22 18:34:36,866 INFO o.a.j.s.SaveService: Testplan (JMX) version: 2.2. Testlog (JTL) version: 2.2
2025-12-22 18:34:36,917 INFO o.a.j.s.SaveService: Using SaveService properties version 5.0
2025-12-22 18:34:36,922 INFO o.a.j.s.SaveService: Using SaveService properties file encoding UTF-8
2025-12-22 18:34:36,925 INFO o.a.j.s.SaveService: Loading file: CSC5355_LoadTest.jmx
2025-12-22 18:34:36,992 INFO o.a.j.p.h.s.HTTPSamplerBase: Parser for text/html is org.apache.jmeter.protocol.http.parser.LagartoBasedHtmlParser
2025-12-22 18:34:36,993 INFO o.a.j.p.h.s.HTTPSamplerBase: Parser for application/xhtml+xml is org.apache.jmeter.protocol.http.parser.LagartoBasedHtmlParser
2025-12-22 18:34:36,993 INFO o.a.j.p.h.s.HTTPSamplerBase: Parser for application/xml is org.apache.jmeter.protocol.http.parser.LagartoBasedHtmlParser
2025-12-22 18:34:36,993 INFO o.a.j.p.h.s.HTTPSamplerBase: Parser for text/xml is org.apache.jmeter.protocol.http.parser.LagartoBasedHtmlParser
2025-12-22 18:34:36,993 INFO o.a.j.p.h.s.HTTPSamplerBase: Parser for text/vnd.wap.wml is org.apache.jmeter.protocol.http.parser.RegexpHTMLParser
2025-12-22 18:34:36,993 INFO o.a.j.p.h.s.HTTPSamplerBase: Parser for text/css is org.apache.jmeter.protocol.http.parser.CssParser
2025-12-22 18:34:37,044 INFO o.a.j.s.FileServer: Set new base='C:\Users\Lenovo\Desktop\csc5355-pipeline'
2025-12-22 18:34:45,393 INFO o.a.j.e.StandardJMeterEngine: Running the test!
2025-12-22 18:34:45,394 INFO o.a.j.s.SampleEvent: List of sample_variables: []
2025-12-22 18:34:45,394 INFO o.a.j.s.SampleEvent: List of sample_variables: []
2025-12-22 18:34:45,395 INFO o.a.j.e.u.CompoundVariable: Note: Function class names must contain the string: '.functions.'
2025-12-22 18:34:45,395 INFO o.a.j.e.u.CompoundVariable: Note: Function class names must not contain the string: '.gui.'
2025-12-22 18:34:45,485 INFO o.a.j.g.u.JMeterMenuBar: setRunning(true, *local*)
2025-12-22 18:34:45,523 INFO o.a.j.e.StandardJMeterEngine: Starting ThreadGroup: 1 : Users
2025-12-22 18:34:45,524 INFO o.a.j.e.StandardJMeterEngine: Starting 10 threads for group Users.
2025-12-22 18:34:45,524 INFO o.a.j.e.StandardJMeterEngine: Thread will continue on error
2025-12-22 18:34:45,524 INFO o.a.j.t.ThreadGroup: Starting thread group... number=1 threads=10 ramp-up=10 delayedStart=false
2025-12-22 18:34:45,533 INFO o.a.j.t.JMeterThread: Thread started: Users 1-1
2025-12-22 18:34:45,536 INFO o.a.j.t.ThreadGroup: Started thread group number 1
2025-12-22 18:34:45,537 INFO o.a.j.e.StandardJMeterEngine: All thread groups have been started
2025-12-22 18:34:45,560 INFO o.a.j.p.h.s.HTTPHCAbstractImpl: Local host = DESKTOP-JBT2K7B
2025-12-22 18:34:45,576 INFO o.a.j.p.h.s.HTTPHC4Impl: HTTP request retry count = 0
2025-12-22 18:34:45,578 INFO o.a.j.s.SampleResult: Note: Sample TimeStamps are START times
2025-12-22 18:34:45,578 INFO o.a.j.s.SampleResult: sampleresult.default.encoding is set to UTF-8
2025-12-22 18:34:45,578 INFO o.a.j.s.SampleResult: sampleresult.useNanoTime=true
2025-12-22 18:34:45,578 INFO o.a.j.s.SampleResult: sampleresult.nanoThreadSleep=5000
2025-12-22 18:34:46,532 INFO o.a.j.t.JMeterThread: Thread started: Users 1-2
2025-12-22 18:34:47,529 INFO o.a.j.t.JMeterThread: Thread started: Users 1-3
2025-12-22 18:34:48,530 INFO o.a.j.t.JMeterThread: Thread started: Users 1-4
2025-12-22 18:34:49,528 INFO o.a.j.t.JMeterThread: Thread started: Users 1-5
2025-12-22 18:34:50,527 INFO o.a.j.t.JMeterThread: Thread started: Users 1-6
2025-12-22 18:34:51,527 INFO o.a.j.t.JMeterThread: Thread started: Users 1-7
2025-12-22 18:34:52,534 INFO o.a.j.t.JMeterThread: Thread started: Users 1-8
2025-12-22 18:34:53,528 INFO o.a.j.t.JMeterThread: Thread started: Users 1-9
2025-12-22 18:34:54,528 INFO o.a.j.t.JMeterThread: Thread started: Users 1-10
2025-12-22 18:51:10,100 INFO o.a.j.r.ResultCollector: Shutdown hook started
2025-12-22 18:51:10,110 INFO o.a.j.r.ResultCollector: Shutdown hook ended
